// Jest Snapshot v1, https://goo.gl/fbAQLP

exports[`Renders the application Should render app without crashing 1`] = `"{\\"_reactInternalInstance\\":\\"censored\\"}"`
